// Jest Snapshot v1, https://goo.gl/fbAQLP

exports[`App Component renders without crashing 1`] = `
ShallowWrapper {
  Symbol(enzyme.__root__): [Circular],
  Symbol(enzyme.__unrendered__): <AppContainer
    articles={
      Array [
        Object {
          "id": "5b676a59068401528a2d28f4",
          "multimedia": Object {
            "large": "https://www.nytimes.com/images/2018/08/06/world/06singapore-china-1/merlin_138550440_6f0db81d-20dc-43d7-a8bc-ac028ea45bc7-popup.jpg",
            "small": "https://www.nytimes.com/images/2018/08/06/world/06singapore-china-1/00singapore-china-1-smallSquare252.jpg",
          },
          "pubDate": "2018-08-05T21:21:27+00:00",
          "snippet": "With ethnic Chinese constituting a majority of Singapore’s population, some fear the country could be an especially tantalizing target for China’s influence.",
          "source": "The New York Times",
        },
        Object {
          "id": "5b1a5329068401528a2b23d4",
          "multimedia": Object {
            "large": "https://www.nytimes.com/images/2018/06/09/world/09singapore-2-print/merlin_139234518_b706ad2a-2077-4376-b6d2-a2fd8412ab4d-popup.jpg",
            "small": "https://www.nytimes.com/images/2018/06/09/world/09singapore-2-print/09singapore-1-smallSquare252.jpg",
          },
          "pubDate": "2018-06-08T09:57:59+00:00",
          "snippet": "The lavish hotel where President Trump and Kim Jong-un will meet is surrounded by peacocks, golf resorts and a security zone that bars all trappings of protest.",
          "source": "The New York Times",
        },
      ]
    }
    loadArticles={
      [MockFunction] {
        "calls": Array [
          Array [],
        ],
        "results": Array [
          Object {
            "isThrow": false,
            "value": undefined,
          },
        ],
      }
    }
  />,
  Symbol(enzyme.__renderer__): Object {
    "batchedUpdates": [Function],
    "getNode": [Function],
    "render": [Function],
    "simulateError": [Function],
    "simulateEvent": [Function],
    "unmount": [Function],
  },
  Symbol(enzyme.__node__): Object {
    "instance": null,
    "key": undefined,
    "nodeType": "function",
    "props": Object {
      "articles": Array [
        Object {
          "id": "5b676a59068401528a2d28f4",
          "multimedia": Object {
            "large": "https://www.nytimes.com/images/2018/08/06/world/06singapore-china-1/merlin_138550440_6f0db81d-20dc-43d7-a8bc-ac028ea45bc7-popup.jpg",
            "small": "https://www.nytimes.com/images/2018/08/06/world/06singapore-china-1/00singapore-china-1-smallSquare252.jpg",
          },
          "pubDate": "2018-08-05T21:21:27+00:00",
          "snippet": "With ethnic Chinese constituting a majority of Singapore’s population, some fear the country could be an especially tantalizing target for China’s influence.",
          "source": "The New York Times",
        },
        Object {
          "id": "5b1a5329068401528a2b23d4",
          "multimedia": Object {
            "large": "https://www.nytimes.com/images/2018/06/09/world/09singapore-2-print/merlin_139234518_b706ad2a-2077-4376-b6d2-a2fd8412ab4d-popup.jpg",
            "small": "https://www.nytimes.com/images/2018/06/09/world/09singapore-2-print/09singapore-1-smallSquare252.jpg",
          },
          "pubDate": "2018-06-08T09:57:59+00:00",
          "snippet": "The lavish hotel where President Trump and Kim Jong-un will meet is surrounded by peacocks, golf resorts and a security zone that bars all trappings of protest.",
          "source": "The New York Times",
        },
      ],
    },
    "ref": null,
    "rendered": null,
    "type": [Function],
  },
  Symbol(enzyme.__nodes__): Array [
    Object {
      "instance": null,
      "key": undefined,
      "nodeType": "function",
      "props": Object {
        "articles": Array [
          Object {
            "id": "5b676a59068401528a2d28f4",
            "multimedia": Object {
              "large": "https://www.nytimes.com/images/2018/08/06/world/06singapore-china-1/merlin_138550440_6f0db81d-20dc-43d7-a8bc-ac028ea45bc7-popup.jpg",
              "small": "https://www.nytimes.com/images/2018/08/06/world/06singapore-china-1/00singapore-china-1-smallSquare252.jpg",
            },
            "pubDate": "2018-08-05T21:21:27+00:00",
            "snippet": "With ethnic Chinese constituting a majority of Singapore’s population, some fear the country could be an especially tantalizing target for China’s influence.",
            "source": "The New York Times",
          },
          Object {
            "id": "5b1a5329068401528a2b23d4",
            "multimedia": Object {
              "large": "https://www.nytimes.com/images/2018/06/09/world/09singapore-2-print/merlin_139234518_b706ad2a-2077-4376-b6d2-a2fd8412ab4d-popup.jpg",
              "small": "https://www.nytimes.com/images/2018/06/09/world/09singapore-2-print/09singapore-1-smallSquare252.jpg",
            },
            "pubDate": "2018-06-08T09:57:59+00:00",
            "snippet": "The lavish hotel where President Trump and Kim Jong-un will meet is surrounded by peacocks, golf resorts and a security zone that bars all trappings of protest.",
            "source": "The New York Times",
          },
        ],
      },
      "ref": null,
      "rendered": null,
      "type": [Function],
    },
  ],
  Symbol(enzyme.__options__): Object {
    "adapter": ReactSixteenAdapter {
      "options": Object {
        "enableComponentDidUpdateOnSetState": true,
        "lifecycles": Object {
          "componentDidUpdate": Object {
            "onSetState": true,
          },
          "getDerivedStateFromProps": true,
          "getSnapshotBeforeUpdate": true,
          "setState": Object {
            "skipsComponentDidUpdateOnNullish": true,
          },
        },
      },
    },
  },
}
`;
